level=INFO source=adapter_impl_test.go:52 msg=helloworld
level=INFO source=adapter_impl_test.go:53 msg=testtest
level=INFO source=adapter_impl_test.go:54 msg=one2three
