level=INFO source=adapter_impl_test.go:41 msg="hello world"
level=INFO source=adapter_impl_test.go:42 msg="test test"
level=INFO source=adapter_impl_test.go:43 msg=one2three
